// Jest Snapshot v1, https://goo.gl/fbAQLP

exports[`Component correctly renders 1`] = `
<form
  className="new-form"
>
  <div
    className="new-form-row"
  >
    Firm Form
    <br />
    <label>
      Name:
      <input
        id="name"
        onChange={[Function]}
        type="text"
        value={undefined}
      />
    </label>
    <label>
      Info:
      <textarea
        id="info"
        onChange={[Function]}
        type="textarea"
        value={undefined}
      />
    </label>
    <label>
      Status:
      <select
        onChange={[Function]}
        value={undefined}
      >
        <option
          value="researching"
        >
          Researching
        </option>
        <option
          value="pending"
        >
          Pending
        </option>
        <option
          value="approved"
        >
          Approved
        </option>
        <option
          value="denied"
        >
          Denied
        </option>
      </select>
    </label>
    <button
      onClick={[Function]}
    >
      Confirm
    </button>
  </div>
</form>
`;
